// Jest Snapshot v1, https://goo.gl/fbAQLP

exports[`Cards Tests Matches Snapshot 1`] = `
.c3 {
  position: absolute;
  top: 50%;
  left: 50%;
  -webkit-transform: translate(-50%,-50%);
  -ms-transform: translate(-50%,-50%);
  transform: translate(-50%,-50%);
  display: -webkit-box;
  display: -webkit-flex;
  display: -ms-flexbox;
  display: flex;
  -webkit-flex-direction: column;
  -ms-flex-direction: column;
  flex-direction: column;
  -webkit-align-items: center;
  -webkit-box-align: center;
  -ms-flex-align: center;
  align-items: center;
  -webkit-box-pack: space-around;
  -webkit-justify-content: space-around;
  -ms-flex-pack: space-around;
  justify-content: space-around;
  height: 30vw;
  width: 50vw;
  min-height: 168px;
  min-width: 280px;
  padding: 4rem;
  background-color: whitesmoke;
  box-shadow: 2px 2px 10px rgba(0,0,0,.5);
  font-family: 'Permanent Marker',cursive;
  font-size: 1.5rem;
}

.c3 p {
  text-align: center;
}

.c2 {
  position: absolute;
  top: 50%;
  left: 50%;
  -webkit-transform: translate(-50%,-50%);
  -ms-transform: translate(-50%,-50%);
  transform: translate(-50%,-50%);
  display: -webkit-box;
  display: -webkit-flex;
  display: -ms-flexbox;
  display: flex;
  -webkit-flex-direction: column;
  -ms-flex-direction: column;
  flex-direction: column;
  -webkit-align-items: center;
  -webkit-box-align: center;
  -ms-flex-align: center;
  align-items: center;
  -webkit-box-pack: space-around;
  -webkit-justify-content: space-around;
  -ms-flex-pack: space-around;
  justify-content: space-around;
  height: 30vw;
  width: 50vw;
  min-height: 168px;
  min-width: 280px;
  padding: .5rem;
  background-color: whitesmoke;
  box-shadow: 2px 2px 10px rgba(0,0,0,.5);
  -webkit-animation: none;
  animation: none;
  font-family: 'Permanent Marker',cursive;
  font-size: 1.5rem;
}

.c2 p {
  text-align: center;
  font-size: 3vw;
  white-space: pre-wrap;
}

.c2 code {
  background-color: black;
  max-height: 50%;
  width: -webkit-fit-content;
  width: -moz-fit-content;
  width: fit-content;
  min-width: 75%;
  color: white;
  font-family: monospace;
  font-size: .5rem;
  white-space: pre-wrap;
  overflow: auto;
}

.c0 {
  position: relative;
  display: -webkit-box;
  display: -webkit-flex;
  display: -ms-flexbox;
  display: flex;
  -webkit-flex-direction: column;
  -ms-flex-direction: column;
  flex-direction: column;
  -webkit-align-items: center;
  -webkit-box-align: center;
  -ms-flex-align: center;
  align-items: center;
}

.c5 {
  position: relative;
  display: -webkit-box;
  display: -webkit-flex;
  display: -ms-flexbox;
  display: flex;
  -webkit-align-items: center;
  -webkit-box-align: center;
  -ms-flex-align: center;
  align-items: center;
  -webkit-box-pack: justify;
  -webkit-justify-content: space-between;
  -ms-flex-pack: justify;
  justify-content: space-between;
  height: 5rem;
  width: 50vw;
  min-width: 280px;
}

.c4 {
  color: whitesmoke;
}

.c1 {
  position: relative;
  height: 40vw;
  width: 50vw;
  min-height: 250px;
  min-width: 280px;
}

.c6 {
  display: -webkit-box;
  display: -webkit-flex;
  display: -ms-flexbox;
  display: flex;
  -webkit-flex-direction: column;
  -ms-flex-direction: column;
  flex-direction: column;
  -webkit-align-items: center;
  -webkit-box-align: center;
  -ms-flex-align: center;
  align-items: center;
  -webkit-box-pack: end;
  -webkit-justify-content: flex-end;
  -ms-flex-pack: end;
  justify-content: flex-end;
  height: 2rem;
  font-size: 1.5vw;
  color: whitesmoke;
  text-shadow: 2px 2px 10px rgba(0,0,0,.5);
}

.c6 select {
  display: block;
  height: 2rem;
  width: 6rem;
  text-align: center;
  margin: 0 5px;
  font-size: 1.5rem;
  padding-left: 5px;
  box-shadow: 2px 2px 10px rgba(0,0,0,.5);
  background-color: whitesmoke;
}

.c6 select:hover {
  border: 2px solid #888;
  cursor: pointer;
}

.c8 {
  display: -webkit-box;
  display: -webkit-flex;
  display: -ms-flexbox;
  display: flex;
  -webkit-align-items: center;
  -webkit-box-align: center;
  -ms-flex-align: center;
  align-items: center;
  -webkit-box-pack: end;
  -webkit-justify-content: flex-end;
  -ms-flex-pack: end;
  justify-content: flex-end;
  font-size: 3vw;
  color: whitesmoke;
  text-shadow: 2px 2px 10px rgba(0,0,0,.5);
  cursor: pointer;
}

.c7 {
  display: -webkit-box;
  display: -webkit-flex;
  display: -ms-flexbox;
  display: flex;
  -webkit-align-items: center;
  -webkit-box-align: center;
  -ms-flex-align: center;
  align-items: center;
  color: whitesmoke;
  font-size: 3vw;
  cursor: pointer;
  text-shadow: 2px 2px 10px rgba(0,0,0,.5);
  -webkit-text-decoration: none;
  text-decoration: none;
  font-style: none;
  -webkit-transition: color .25s ease-in-out;
  transition: color .25s ease-in-out;
}

.c7:hover {
  color: green;
}

@media screen and (min-width:600px) {
  .c2 p {
    font-size: 1.5rem;
  }

  .c2 code {
    font-size: 1.25rem;
  }
}

@media screen and (max-width:600px) {
  .c6 {
    font-size: .75rem;
  }

  .c6 select {
    height: 1.5rem;
    font-size: 1rem;
    padding: 2px;
  }
}

@media screen and (min-width:600px) {
  .c8 {
    font-size: 1.5rem;
  }
}

@media screen and (min-width:600px) {
  .c7 {
    font-size: 1.5rem;
  }
}

<div
  className="c0"
>
  <div
    className="c1"
  >
    <div
      className="c2"
      offset={0}
    >
      <div
        className="c3"
      >
        Loading...
      </div>
    </div>
  </div>
  <p
    className="c4"
  >
    Question# 
    1
     of 
    1
  </p>
  <div
    className="c5"
  >
    <div
      className="c6"
    >
      <label
        htmlFor="category"
      >
        Category:
      </label>
      <select
        name="category"
        onChange={[Function]}
      >
        <option
          value="all"
        >
          All
        </option>
        <option
          value="General"
        >
          General
        </option>
        <option
          value="HTML"
        >
          HTML
        </option>
        <option
          value="CSS"
        >
          CSS
        </option>
        <option
          value="Javascript"
        >
          Javascript
        </option>
        <option
          value="Networking"
        >
          Networking
        </option>
        <option
          value="Testing"
        >
          Testing
        </option>
      </select>
    </div>
    <div
      className="c7"
      data-testid="showAnswer"
      onClick={[Function]}
    >
      <p>
        Show Answer
      </p>
    </div>
    <div
      className="c8"
      data-testid="nextCard"
      onClick={[Function]}
    >
      Next Card
    </div>
  </div>
</div>
`;
