// Jest Snapshot v1, https://goo.gl/fbAQLP

exports[`App Tests Matches Snapshot 1`] = `"<div class=\\"sc-fujyUd eXKdVz\\"><div class=\\"sc-hKFyIo iFNKGC\\"><div class=\\"sc-eCApGN jXWRmb\\"><div offset=\\"0\\" class=\\"sc-dlnjPT cqeDqx\\"><div class=\\"sc-bdnylx iZSjZb\\">Loading...</div></div><div class=\\"sc-jSFkmK kJOxEy\\"><label for=\\"category\\">Category:</label><select name=\\"category\\"><option value=\\"all\\">All</option><option value=\\"General\\">General</option><option value=\\"HTML\\">HTML</option><option value=\\"CSS\\">CSS</option><option value=\\"Javascript\\">Javascript</option><option value=\\"Networking\\">Networking</option><option value=\\"Testing\\">Testing</option></select></div><div data-testid=\\"showAnswer\\" class=\\"sc-iCoHVE eclAQG\\"><p>Show Answer</p></div><div data-testid=\\"nextCard\\" class=\\"sc-gKAblj cA-DtCJ\\">Next Card</div></div></div></div>"`;
